acpi
alacritty
alsa-firmware
appmenu-gtk-module
arandr
arch-wiki-docs
arj
atool
baka-mplayer
bash-completion
bind
blueman
bridge-utils
brltty
broadcom-wl
btop
checksec
clang
clinfo
cliphist
clonezilla
cloud-init
cmake
converseen
copyq
curlftpfs
cython
deluge-gtk
dhclient
dhcpcd
diffuse
dmidecode
dracut
dunst
ecryptfs-utils
edk2-shell
engrampa
eog
ethtool
evince
exfatprogs
f2fs-tools
fail2ban
fastfetch
fatresize
fd
ffmpeg
ffmpegthumbnailer
ffmpegthumbs
ffms2
ffnvcodec-headers
file-roller
fish
foot
freetype2
fsarchiver
fscrypt
fwupd
galculator
geany
geany-plugins
gifski
git
git-delta
git-filter-repo
github-cli
git-lfs
gnome-disk-utility
gnome-epub-thumbnailer
gnome-firmware
gnome-keyring
gnome-logs
gnome-system-monitor
gnu-netcat
gpart
gparted
gptfdisk
grim
grub-btrfs
gsimplecal
gtk-engine-murrine
gufw
gvfs
gvfs-afc
gvfs-google
gvfs-gphoto2
gvfs-mtp
gvfs-nfs
gvfs-smb
handbrake
haveged
highlight
htop
hyperv
hyphen-en
inkscape
inotify-tools
intel-compute-runtime
intel-gpu-tools
intel-graphics-compiler
intel-media-sdk
intel-ucode
inxi
irqbalance
iucode-tool
iwd
jq
kanshi
kitty
krita
krita-plugin-gmic
kvantum
lf
lhasa
libdvdcss
libfido2
libgepub
libgsf
libopenraw
libplacebo
librsvg
libva-vdpau-driver
linux-atm
linux-hardened
linux-hardened-headers
linux-zen
linux-zen-headers
lolcat
lrzip
lsb-release
lsd
lsscsi
lynx
lzip
lzop
maim
mako
mediainfo
meld
memtest86+
mencoder
mercurial
mesa-utils
meson
micro
mkvtoolnix-cli
modem-manager-gui
most
mpc
mpd
mplayer
mpv
mtools
nasm
nbd
ncdu
ncmpcpp
ndisc6
neofetch
neovim
nethogs
netstat-nat
network-manager-applet
ninja
nmap
nm-connection-editor
noto-fonts
noto-fonts-cjk
noto-fonts-emoji
nss-mdns
nsxiv
ntfs-3g
nwg-look
odt2txt
opencolorio
open-iscsi
otf-font-awesome
p7zip
pacman-contrib
pamixer
partclone
partimage
partitionmanager
pastel
pavucontrol
perl-file-mimeinfo
pipewire-jack
plasma-framework5
playerctl
plymouth
polkit-gnome
powertop
pulsemixer
pv
python-pipenv
python-py7zr
python-pylint
python-pywal
python-setuptools-scm
python-tiktoken
qt5ct
qt6-3d
qt6-charts
qt6-connectivity
qt6-datavis3d
qt6-doc
qt6-examples
qt6-graphs
qt6-grpc
qt6-httpserver
qt6-imageformats
qt6-languageserver
qt6-location
qt6-lottie
qt6-multimedia
qt6-networkauth
qt6-positioning
qt6-quick3d
qt6-quick3dphysics
qt6-quickeffectmaker
qt6-quicktimeline
qt6-remoteobjects
qt6-scxml
qt6-sensors
qt6-serialbus
qt6-serialport
qt6-speech
qt6-virtualkeyboard
qt6-wayland
qt6-webchannel
qt6-webengine
qt6-websockets
qt6-webview
ranger
refind
ripgrep
rlwrap
rofi
rsync
rxvt-unicode-terminfo
schroedinger
screen
sdbus-cpp
sddm
seahorse
sg3_utils
shellcheck
shim
slop
slurp
smartmontools
sof-firmware
squashfs-tools
sshfs
subversion
svt-av1
swaybg
swayidle
swaylock
sxiv
tcpdump
terminus-font
testdisk
thunar
thunar-archive-plugin
thunar-media-tags-plugin
thunar-volman
tmux
transmission-cli
trash-cli
ttf-dejavu
ttf-fantasque-sans-mono
ttf-firacode-nerd
ttf-fira-sans
ttf-jetbrains-mono
ttf-liberation
ttf-nerd-fonts-symbols-mono
ttf-opensans
ttf-ubuntu-font-family
tumbler
udftools
udiskie
udisks2-qt5
ueberzug
ufw
ugrep
unace
unarchiver
unarj
unrar
unzip
vapoursynth
viewnior
vim
vim-spell-en
vlc
waybar
wayland
wf-recorder
wget
whois
wikiman
wireless_tools
wireplumber
wl-clipboard
wlroots
wmctrl
wmname
wofi
wqy-zenhei
wtype
wvdial
xclip
xcolor
xdg-desktop-portal
xdg-user-dirs
xdg-user-dirs-gtk
xdg-utils
xf86-video-fbdev
xf86-video-vesa
xfce4-terminal
xmlstarlet
xorg-bdftopcf
xorg-docs
xorg-fonts-100dpi
xorg-fonts-75dpi
xorg-font-util
xorg-iceauth
xorg-mkfontscale
xorg-server-devel
xorg-server-xephyr
xorg-server-xnest
xorg-sessreg
xorg-smproxy
xorg-x11perf
xorg-xbacklight
xorg-xclipboard
xorg-xcmsdb
xorg-xdriinfo
xorg-xev
xorg-xgamma
xorg-xhost
xorg-xkbevd
xorg-xkbutils
xorg-xkill
xorg-xlsatoms
xorg-xlsclients
xorg-xmodmap
xorg-xpr
xorg-xrdb
xorg-xrefresh
xorg-xsetroot
xorg-xvinfo
xorg-xwayland
xorg-xwd
xorg-xwininfo
xorg-xwud
xsel
yasm
yt-dlp
zenity
zip
zps
